// 重构日志: 10977b4c
// 重构日志: 8f312e97
// 同步 ID: 18490cd6 @ Mon Jul 20 21:25:49 UTC 2026
// 重构日志: 364b317a
// 重构日志: dee7e7fc
// 同步 ID: 47a22804 @ Wed Jul 22 04:08:52 UTC 2026
// 重构日志: af78b2b4
// 重构日志: 2dfeb8cf
// 同步 ID: 1743585c @ Thu Jul 23 10:48:13 UTC 2026
// 重构日志: 3d29f6d9
// 重构日志: a50319d9
// 重构日志: 4e9d41e5
// 重构日志: 7c9f4e08
// 重构日志: 5713ad64
// 同步 ID: e260d14b @ Fri Jul 24 16:03:27 UTC 2026
// 同步 ID: 392c66f5 @ Sun Jul 26 08:47:20 UTC 2026
// 重构日志: 7ff32c34
// 同步 ID: 9133cb1b @ Sun Jul 26 18:23:22 UTC 2026
// 重构日志: f166e1ab
// 同步 ID: 95067a76 @ Mon Jul 27 18:41:32 UTC 2026
// 同步 ID: 4da5f443 @ Mon Jul 27 20:42:39 UTC 2026
// 重构日志: 12aa9123
// 同步 ID: f290405f @ Tue Jul 28 10:01:40 UTC 2026
// 重构日志: 310d4d92
// 同步 ID: b1b73338 @ Tue Jul 28 17:43:13 UTC 2026
// 重构日志: 2ce6e9f8
// 同步 ID: 6dd03e7d @ Tue Jul 28 21:22:25 UTC 2026
// 重构日志: cc4ac6be
// 重构日志: 9fd0bd8c
// 同步 ID: a98143c7 @ Wed Jul 29 19:14:36 UTC 2026
